// Jest Snapshot v1, https://goo.gl/fbAQLP

exports[`Header Component should match snapshot 1`] = `
<DocumentFragment>
  <div
    class="container fixed top-0 z-4 w-100"
  >
    <div
      class="left-0 w-100"
      style="transform: translateZ(0);"
    >
      <div
        class="extension-point-mock"
      >
        Extension point
      </div>
      <div
        class="extension-point-mock"
      >
        Extension point
      </div>
    </div>
    <section
      class="container-mock"
    >
      <div
        class="w-100 mw9 flex justify-center pv6-l pv2-m"
        style="pointer-events: none;"
      >
        <div
          class="flex w-100 justify-between-m items-center pv3"
          style="pointer-events: auto;"
        >
          <div
            class="topMenuLogo pv2 mr5"
          >
            <div
              class="link-mock"
            >
              <div
                class="extension-point-mock"
              >
                Extension point
              </div>
            </div>
          </div>
          <div
            class="dn db-ns flex-grow-1"
          >
            <div
              class="topMenuSearchBar flex pa2-m flex-grow-1 justify-center"
            >
              <div
                class="w-75"
              >
                <div
                  class="extension-point-mock"
                >
                  Extension point
                </div>
              </div>
            </div>
          </div>
          <div
            class="topMenuIcons flex justify-end flex-grow-1 flex-grow-0-ns items-center order-1-s ml-auto-s order-2-ns"
          >
            <div
              class="flex"
            >
              <div
                class="extension-point-mock"
              >
                Extension point
              </div>
              <div
                class="extension-point-mock"
              >
                Extension point
              </div>
            </div>
          </div>
          <div
            class="extension-point-mock"
          >
            Extension point
          </div>
        </div>
      </div>
    </section>
    <div
      class="no-ssr-mock"
    >
      <div
        class="topMenuCollapsible bg-base flex justify-center relative bb bw1 b--muted-4"
        style="transform: translate3d(0, 0rem, 0); z-index: -2;"
      >
        <div
          class="extension-point-mock"
        >
          Extension point
        </div>
      </div>
    </div>
  </div>
  <div
    class="z-1 bg-base w-100 relative"
    style="height: 160px; width: 0px;"
  />
</DocumentFragment>
`;
